2026-10-04 17:28:15.323 [background-preinit] INFO  o.h.validator.internal.util.Version - HV000001: Hibernate Validator 8.0.1.Final
2026-10-04 17:28:15.415 [main] INFO  c.e.r.RussianLanguageBotApplication - Starting RussianLanguageBotApplication using Java 21.0.10 with PID 3120 (E:\tutor_bot\Russian-language-bot\target\classes started by User in E:\tutor_bot\Russian-language-bot)
2026-10-04 17:28:15.419 [main] INFO  c.e.r.RussianLanguageBotApplication - No active profile set, falling back to 1 default profile: "default"
2026-10-04 17:28:17.408 [main] INFO  o.s.d.r.c.RepositoryConfigurationDelegate - Bootstrapping Spring Data JPA repositories in DEFAULT mode.
2026-10-04 17:28:17.592 [main] INFO  o.s.d.r.c.RepositoryConfigurationDelegate - Finished Spring Data repository scanning in 159 ms. Found 10 JPA repository interfaces.
2026-10-04 17:28:18.790 [main] INFO  o.s.b.w.e.tomcat.TomcatWebServer - Tomcat initialized with port 8080 (http)
2026-10-04 17:28:18.853 [main] INFO  o.a.coyote.http11.Http11NioProtocol - Initializing ProtocolHandler ["http-nio-8080"]
2026-10-04 17:28:18.869 [main] INFO  o.a.catalina.core.StandardService - Starting service [Tomcat]
2026-10-04 17:28:18.869 [main] INFO  o.a.catalina.core.StandardEngine - Starting Servlet engine: [Apache Tomcat/10.1.31]
2026-10-04 17:28:18.979 [main] INFO  o.a.c.c.C.[Tomcat].[localhost].[/] - Initializing Spring embedded WebApplicationContext
2026-10-04 17:28:18.979 [main] INFO  o.s.b.w.s.c.ServletWebServerApplicationContext - Root WebApplicationContext: initialization completed in 3442 ms
2026-10-04 17:28:19.423 [main] INFO  o.h.jpa.internal.util.LogHelper - HHH000204: Processing PersistenceUnitInfo [name: default]
2026-10-04 17:28:19.541 [main] INFO  org.hibernate.Version - HHH000412: Hibernate ORM core version 6.5.3.Final
2026-10-04 17:28:19.639 [main] INFO  o.h.c.i.RegionFactoryInitiator - HHH000026: Second-level cache disabled
2026-10-04 17:28:20.502 [main] INFO  o.s.o.j.p.SpringPersistenceUnitInfo - No LoadTimeWeaver setup: ignoring JPA class transformer
2026-10-04 17:28:20.554 [main] INFO  com.zaxxer.hikari.HikariDataSource - HikariPool-1 - Starting...
2026-10-04 17:28:20.991 [main] INFO  com.zaxxer.hikari.pool.HikariPool - HikariPool-1 - Added connection org.postgresql.jdbc.PgConnection@23c05889
2026-10-04 17:28:20.991 [main] INFO  com.zaxxer.hikari.HikariDataSource - HikariPool-1 - Start completed.
2026-10-04 17:28:24.188 [main] INFO  o.h.e.t.j.p.i.JtaPlatformInitiator - HHH000489: No JTA platform available (set 'hibernate.transaction.jta.platform' to enable JTA platform integration)
2026-10-04 17:28:24.617 [main] INFO  o.s.o.j.LocalContainerEntityManagerFactoryBean - Initialized JPA EntityManagerFactory for persistence unit 'default'
2026-10-04 17:28:28.136 [main] WARN  o.s.b.a.o.j.JpaBaseConfiguration$JpaWebConfiguration - spring.jpa.open-in-view is enabled by default. Therefore, database queries may be performed during view rendering. Explicitly configure spring.jpa.open-in-view to disable this warning
2026-10-04 17:28:29.142 [main] INFO  o.a.coyote.http11.Http11NioProtocol - Starting ProtocolHandler ["http-nio-8080"]
2026-10-04 17:28:29.190 [main] INFO  o.s.b.w.e.tomcat.TomcatWebServer - Tomcat started on port 8080 (http) with context path '/'
2026-10-04 17:28:29.206 [main] INFO  c.e.r.RussianLanguageBotApplication - Started RussianLanguageBotApplication in 15.776 seconds (process running for 17.876)
2026-10-04 17:28:34.657 [http-nio-8080-exec-1] INFO  o.a.c.c.C.[Tomcat].[localhost].[/] - Initializing Spring DispatcherServlet 'dispatcherServlet'
2026-10-04 17:28:34.658 [http-nio-8080-exec-1] INFO  o.s.web.servlet.DispatcherServlet - Initializing Servlet 'dispatcherServlet'
2026-10-04 17:28:34.660 [http-nio-8080-exec-1] INFO  o.s.web.servlet.DispatcherServlet - Completed initialization in 2 ms
2026-10-04 17:28:36.539 [http-nio-8080-exec-9] INFO  o.s.api.AbstractOpenApiResource - Init duration for springdoc-openapi is: 1372 ms
2026-10-04 17:30:17.958 [http-nio-8080-exec-4] INFO  c.e.r.service.TestService - Сохранение теста: title=Гласные звуки: базовый тест
2026-10-04 17:30:18.107 [http-nio-8080-exec-4] INFO  c.e.r.service.TestService - Тест сохранён с id=1
2026-10-04 17:30:56.059 [http-nio-8080-exec-6] INFO  c.e.r.service.TestService - Сдача теста id=1, ответов: 2
2026-10-04 17:30:56.151 [http-nio-8080-exec-6] INFO  c.e.r.service.TestService - Тест id=1 сдан. Правильных: 2/2, passed=true
2026-10-04 17:31:11.250 [http-nio-8080-exec-8] INFO  c.e.r.service.TestService - Сдача теста id=1, ответов: 2
2026-10-04 17:31:11.253 [http-nio-8080-exec-8] WARN  c.e.r.service.TestService - Тест id=1 уже был пройден
2026-10-04 17:32:47.245 [http-nio-8080-exec-9] INFO  c.e.r.service.TestService - Обновление теста id=1
2026-10-04 17:32:47.852 [http-nio-8080-exec-9] INFO  c.e.r.service.TestService - Тест id=1 обновлён
2026-10-04 17:34:02.030 [http-nio-8080-exec-1] INFO  c.e.r.service.VideoService - Сохранение видео: title=Введение в фонетику
2026-10-04 17:34:02.034 [http-nio-8080-exec-1] INFO  c.e.r.service.VideoService - Видео сохранено с id=1
2026-10-04 17:34:12.918 [http-nio-8080-exec-2] INFO  c.e.r.service.VideoService - Сохранение видео: title=Гласные звуки
2026-10-04 17:34:12.931 [http-nio-8080-exec-2] INFO  c.e.r.service.VideoService - Видео сохранено с id=2
2026-10-04 17:34:21.083 [http-nio-8080-exec-3] INFO  c.e.r.service.VideoService - Сохранение видео: title=Согласные звуки
2026-10-04 17:34:21.085 [http-nio-8080-exec-3] INFO  c.e.r.service.VideoService - Видео сохранено с id=3
2026-10-04 17:35:09.365 [http-nio-8080-exec-5] INFO  c.e.r.service.TopicService - Сохранение темы: title=Фонетика
2026-10-04 17:35:09.376 [http-nio-8080-exec-5] INFO  c.e.r.service.TopicService - Тема сохранена с id=1
2026-10-04 17:35:36.729 [http-nio-8080-exec-4] INFO  c.e.r.service.TopicService - Сохранение темы: title=Морфология
2026-10-04 17:35:36.747 [http-nio-8080-exec-4] INFO  c.e.r.service.TopicService - Тема сохранена с id=2
2026-10-04 17:35:57.876 [http-nio-8080-exec-6] INFO  c.e.r.service.ConspectService - Сохранение конспекта: title=Конспект по фонетике
2026-10-04 17:35:57.876 [http-nio-8080-exec-6] INFO  c.e.r.service.ConspectService - Конспект сохранён с id=1
2026-10-04 17:37:48.560 [http-nio-8080-exec-2] INFO  c.e.r.service.MapService - Сохранение раздела карты
2026-10-04 17:37:48.576 [http-nio-8080-exec-2] INFO  c.e.r.service.MapService - Раздел карты сохранён с id=1
2026-10-04 17:37:51.767 [http-nio-8080-exec-3] INFO  c.e.r.service.MapService - Сохранение раздела карты
2026-10-04 17:37:51.781 [http-nio-8080-exec-3] INFO  c.e.r.service.MapService - Раздел карты сохранён с id=2
2026-10-04 17:38:22.486 [http-nio-8080-exec-5] INFO  c.e.r.service.MapService - Сохранение раздела карты
2026-10-04 17:38:22.498 [http-nio-8080-exec-5] INFO  c.e.r.service.MapService - Раздел карты сохранён с id=3
2026-10-04 17:38:29.139 [http-nio-8080-exec-4] INFO  c.e.r.service.MapService - Сохранение раздела карты
2026-10-04 17:38:29.148 [http-nio-8080-exec-4] INFO  c.e.r.service.MapService - Раздел карты сохранён с id=4
2026-10-04 18:10:22.670 [SpringApplicationShutdownHook] INFO  o.s.o.j.LocalContainerEntityManagerFactoryBean - Closing JPA EntityManagerFactory for persistence unit 'default'
2026-10-04 18:10:22.680 [SpringApplicationShutdownHook] INFO  com.zaxxer.hikari.HikariDataSource - HikariPool-1 - Shutdown initiated...
2026-10-04 18:10:22.698 [SpringApplicationShutdownHook] INFO  com.zaxxer.hikari.HikariDataSource - HikariPool-1 - Shutdown completed.
2026-10-04 18:11:36.933 [background-preinit] INFO  o.h.validator.internal.util.Version - HV000001: Hibernate Validator 8.0.1.Final
2026-10-04 18:11:36.975 [main] INFO  c.e.r.RussianLanguageBotApplication - Starting RussianLanguageBotApplication using Java 21.0.10 with PID 3456 (E:\tutor_bot\Russian-language-bot\target\classes started by User in E:\tutor_bot\Russian-language-bot)
2026-10-04 18:11:36.976 [main] INFO  c.e.r.RussianLanguageBotApplication - No active profile set, falling back to 1 default profile: "default"
2026-10-04 18:11:37.905 [main] INFO  o.s.d.r.c.RepositoryConfigurationDelegate - Bootstrapping Spring Data JPA repositories in DEFAULT mode.
2026-10-04 18:11:38.026 [main] INFO  o.s.d.r.c.RepositoryConfigurationDelegate - Finished Spring Data repository scanning in 111 ms. Found 10 JPA repository interfaces.
2026-10-04 18:11:38.738 [main] INFO  o.s.b.w.e.tomcat.TomcatWebServer - Tomcat initialized with port 8080 (http)
2026-10-04 18:11:38.754 [main] INFO  o.a.coyote.http11.Http11NioProtocol - Initializing ProtocolHandler ["http-nio-8080"]
2026-10-04 18:11:38.759 [main] INFO  o.a.catalina.core.StandardService - Starting service [Tomcat]
2026-10-04 18:11:38.760 [main] INFO  o.a.catalina.core.StandardEngine - Starting Servlet engine: [Apache Tomcat/10.1.31]
2026-10-04 18:11:38.869 [main] INFO  o.a.c.c.C.[Tomcat].[localhost].[/] - Initializing Spring embedded WebApplicationContext
2026-10-04 18:11:38.869 [main] INFO  o.s.b.w.s.c.ServletWebServerApplicationContext - Root WebApplicationContext: initialization completed in 1847 ms
2026-10-04 18:11:39.129 [main] INFO  o.h.jpa.internal.util.LogHelper - HHH000204: Processing PersistenceUnitInfo [name: default]
2026-10-04 18:11:39.243 [main] INFO  org.hibernate.Version - HHH000412: Hibernate ORM core version 6.5.3.Final
2026-10-04 18:11:39.289 [main] INFO  o.h.c.i.RegionFactoryInitiator - HHH000026: Second-level cache disabled
2026-10-04 18:11:39.771 [main] INFO  o.s.o.j.p.SpringPersistenceUnitInfo - No LoadTimeWeaver setup: ignoring JPA class transformer
2026-10-04 18:11:39.815 [main] INFO  com.zaxxer.hikari.HikariDataSource - HikariPool-1 - Starting...
2026-10-04 18:11:40.040 [main] INFO  com.zaxxer.hikari.pool.HikariPool - HikariPool-1 - Added connection org.postgresql.jdbc.PgConnection@11c3ce6a
2026-10-04 18:11:40.043 [main] INFO  com.zaxxer.hikari.HikariDataSource - HikariPool-1 - Start completed.
2026-10-04 18:11:41.660 [main] INFO  o.h.e.t.j.p.i.JtaPlatformInitiator - HHH000489: No JTA platform available (set 'hibernate.transaction.jta.platform' to enable JTA platform integration)
2026-10-04 18:11:41.876 [main] INFO  o.s.o.j.LocalContainerEntityManagerFactoryBean - Initialized JPA EntityManagerFactory for persistence unit 'default'
2026-10-04 18:11:42.539 [main] WARN  o.s.b.a.o.j.JpaBaseConfiguration$JpaWebConfiguration - spring.jpa.open-in-view is enabled by default. Therefore, database queries may be performed during view rendering. Explicitly configure spring.jpa.open-in-view to disable this warning
2026-10-04 18:11:43.164 [main] INFO  o.a.coyote.http11.Http11NioProtocol - Starting ProtocolHandler ["http-nio-8080"]
2026-10-04 18:11:43.183 [main] INFO  o.s.b.w.e.tomcat.TomcatWebServer - Tomcat started on port 8080 (http) with context path '/'
2026-10-04 18:11:43.189 [main] INFO  c.e.r.RussianLanguageBotApplication - Started RussianLanguageBotApplication in 6.743 seconds (process running for 7.362)
2026-10-04 18:11:49.730 [http-nio-8080-exec-1] INFO  o.a.c.c.C.[Tomcat].[localhost].[/] - Initializing Spring DispatcherServlet 'dispatcherServlet'
2026-10-04 18:11:49.730 [http-nio-8080-exec-1] INFO  o.s.web.servlet.DispatcherServlet - Initializing Servlet 'dispatcherServlet'
2026-10-04 18:11:49.730 [http-nio-8080-exec-1] INFO  o.s.web.servlet.DispatcherServlet - Completed initialization in 0 ms
2026-10-04 18:11:51.491 [http-nio-8080-exec-2] INFO  o.s.api.AbstractOpenApiResource - Init duration for springdoc-openapi is: 1317 ms
2026-10-04 18:12:31.136 [http-nio-8080-exec-5] INFO  c.e.r.service.TopicService - Сохранение темы: title=Морфология
2026-10-04 18:12:31.273 [http-nio-8080-exec-5] INFO  c.e.r.service.TopicService - Тема сохранена с id=3
2026-10-04 18:12:53.720 [http-nio-8080-exec-8] INFO  c.e.r.service.MapService - Сохранение карты, разделов: 0
2026-10-04 18:12:54.210 [http-nio-8080-exec-8] INFO  c.e.r.service.MapService - Карта сохранена с id=1
2026-10-04 18:13:20.852 [http-nio-8080-exec-3] INFO  c.e.r.service.MapService - Сохранение раздела карты для карты id=1
2026-10-04 18:13:20.916 [http-nio-8080-exec-3] INFO  c.e.r.service.MapService - Раздел карты сохранён с id=5
2026-10-04 18:13:35.450 [http-nio-8080-exec-10] INFO  c.e.r.service.MapService - Сохранение раздела карты для карты id=1
2026-10-04 18:13:35.464 [http-nio-8080-exec-10] INFO  c.e.r.service.MapService - Раздел карты сохранён с id=6
2026-10-04 18:14:02.969 [http-nio-8080-exec-9] INFO  c.e.r.service.MapService - Поиск карты по id=1
2026-10-04 18:16:13.002 [SpringApplicationShutdownHook] INFO  o.s.o.j.LocalContainerEntityManagerFactoryBean - Closing JPA EntityManagerFactory for persistence unit 'default'
2026-10-04 18:16:13.004 [SpringApplicationShutdownHook] INFO  com.zaxxer.hikari.HikariDataSource - HikariPool-1 - Shutdown initiated...
2026-10-04 18:16:13.020 [SpringApplicationShutdownHook] INFO  com.zaxxer.hikari.HikariDataSource - HikariPool-1 - Shutdown completed.
2026-10-04 18:16:17.134 [background-preinit] INFO  o.h.validator.internal.util.Version - HV000001: Hibernate Validator 8.0.1.Final
2026-10-04 18:16:17.173 [main] INFO  c.e.r.RussianLanguageBotApplication - Starting RussianLanguageBotApplication using Java 21.0.10 with PID 24704 (E:\tutor_bot\Russian-language-bot\target\classes started by User in E:\tutor_bot\Russian-language-bot)
2026-10-04 18:16:17.174 [main] INFO  c.e.r.RussianLanguageBotApplication - No active profile set, falling back to 1 default profile: "default"
2026-10-04 18:16:18.022 [main] INFO  o.s.d.r.c.RepositoryConfigurationDelegate - Bootstrapping Spring Data JPA repositories in DEFAULT mode.
2026-10-04 18:16:18.135 [main] INFO  o.s.d.r.c.RepositoryConfigurationDelegate - Finished Spring Data repository scanning in 104 ms. Found 10 JPA repository interfaces.
2026-10-04 18:16:18.733 [main] INFO  o.s.b.w.e.tomcat.TomcatWebServer - Tomcat initialized with port 8080 (http)
2026-10-04 18:16:18.745 [main] INFO  o.a.coyote.http11.Http11NioProtocol - Initializing ProtocolHandler ["http-nio-8080"]
2026-10-04 18:16:18.751 [main] INFO  o.a.catalina.core.StandardService - Starting service [Tomcat]
2026-10-04 18:16:18.751 [main] INFO  o.a.catalina.core.StandardEngine - Starting Servlet engine: [Apache Tomcat/10.1.31]
2026-10-04 18:16:18.831 [main] INFO  o.a.c.c.C.[Tomcat].[localhost].[/] - Initializing Spring embedded WebApplicationContext
2026-10-04 18:16:18.832 [main] INFO  o.s.b.w.s.c.ServletWebServerApplicationContext - Root WebApplicationContext: initialization completed in 1618 ms
2026-10-04 18:16:19.042 [main] INFO  o.h.jpa.internal.util.LogHelper - HHH000204: Processing PersistenceUnitInfo [name: default]
2026-10-04 18:16:19.087 [main] INFO  org.hibernate.Version - HHH000412: Hibernate ORM core version 6.5.3.Final
2026-10-04 18:16:19.128 [main] INFO  o.h.c.i.RegionFactoryInitiator - HHH000026: Second-level cache disabled
2026-10-04 18:16:19.483 [main] INFO  o.s.o.j.p.SpringPersistenceUnitInfo - No LoadTimeWeaver setup: ignoring JPA class transformer
2026-10-04 18:16:19.509 [main] INFO  com.zaxxer.hikari.HikariDataSource - HikariPool-1 - Starting...
2026-10-04 18:16:19.825 [main] INFO  com.zaxxer.hikari.pool.HikariPool - HikariPool-1 - Added connection org.postgresql.jdbc.PgConnection@2bb3f39e
2026-10-04 18:16:19.828 [main] INFO  com.zaxxer.hikari.HikariDataSource - HikariPool-1 - Start completed.
2026-10-04 18:16:21.098 [main] INFO  o.h.e.t.j.p.i.JtaPlatformInitiator - HHH000489: No JTA platform available (set 'hibernate.transaction.jta.platform' to enable JTA platform integration)
2026-10-04 18:16:21.275 [main] INFO  o.s.o.j.LocalContainerEntityManagerFactoryBean - Initialized JPA EntityManagerFactory for persistence unit 'default'
2026-10-04 18:16:21.961 [main] WARN  o.s.b.a.o.j.JpaBaseConfiguration$JpaWebConfiguration - spring.jpa.open-in-view is enabled by default. Therefore, database queries may be performed during view rendering. Explicitly configure spring.jpa.open-in-view to disable this warning
2026-10-04 18:16:22.558 [main] INFO  o.a.coyote.http11.Http11NioProtocol - Starting ProtocolHandler ["http-nio-8080"]
2026-10-04 18:16:22.578 [main] INFO  o.s.b.w.e.tomcat.TomcatWebServer - Tomcat started on port 8080 (http) with context path '/'
2026-10-04 18:16:22.588 [main] INFO  c.e.r.RussianLanguageBotApplication - Started RussianLanguageBotApplication in 5.857 seconds (process running for 6.38)
2026-10-04 18:17:06.018 [http-nio-8080-exec-1] INFO  o.a.c.c.C.[Tomcat].[localhost].[/] - Initializing Spring DispatcherServlet 'dispatcherServlet'
2026-10-04 18:17:06.018 [http-nio-8080-exec-1] INFO  o.s.web.servlet.DispatcherServlet - Initializing Servlet 'dispatcherServlet'
2026-10-04 18:17:06.018 [http-nio-8080-exec-1] INFO  o.s.web.servlet.DispatcherServlet - Completed initialization in 0 ms
2026-10-04 18:17:07.699 [http-nio-8080-exec-2] INFO  o.s.api.AbstractOpenApiResource - Init duration for springdoc-openapi is: 1258 ms
2026-10-04 18:17:38.653 [http-nio-8080-exec-8] INFO  c.e.r.service.MapService - Поиск карты по id=1
2026-10-04 18:18:22.302 [http-nio-8080-exec-4] INFO  c.e.r.service.MapService - Удаление раздела карты id=5
2026-10-04 18:18:22.756 [http-nio-8080-exec-4] INFO  c.e.r.service.MapService - Раздел карты id=5 удалён
2026-10-04 18:18:32.074 [http-nio-8080-exec-1] INFO  c.e.r.service.MapService - Поиск карты по id=1
2026-10-04 18:19:11.624 [http-nio-8080-exec-6] INFO  c.e.r.service.MapService - Удаление раздела карты id=999
2026-10-04 18:19:11.629 [http-nio-8080-exec-6] WARN  c.e.r.service.MapService - Нечего удалять — раздел карты id=999 не найден
2026-10-04 18:19:13.007 [http-nio-8080-exec-9] INFO  c.e.r.service.MapService - Удаление раздела карты id=999
2026-10-04 18:19:13.010 [http-nio-8080-exec-9] WARN  c.e.r.service.MapService - Нечего удалять — раздел карты id=999 не найден
2026-10-04 18:19:13.161 [http-nio-8080-exec-2] INFO  c.e.r.service.MapService - Удаление раздела карты id=999
2026-10-04 18:19:13.167 [http-nio-8080-exec-2] WARN  c.e.r.service.MapService - Нечего удалять — раздел карты id=999 не найден
2026-10-04 18:19:18.606 [SpringApplicationShutdownHook] INFO  o.s.o.j.LocalContainerEntityManagerFactoryBean - Closing JPA EntityManagerFactory for persistence unit 'default'
2026-10-04 18:19:18.609 [SpringApplicationShutdownHook] INFO  com.zaxxer.hikari.HikariDataSource - HikariPool-1 - Shutdown initiated...
2026-10-04 18:19:18.614 [SpringApplicationShutdownHook] INFO  com.zaxxer.hikari.HikariDataSource - HikariPool-1 - Shutdown completed.
